../Drivers/CMSIS/Include/core_cm4.h:1684:22:__NVIC_EnableIRQ	2
../Drivers/CMSIS/Include/core_cm4.h:1814:22:__NVIC_SetPriority	2
../Core/Src/main.c:82:6:systick_init	1
../Core/Src/main.c:88:6:delayMicroseconds	2
../Core/Src/main.c:94:6:TIM5_IRQHandler	1
../Core/Src/main.c:100:6:TIM2_IRQHandler	1
../Core/Src/main.c:112:6:Set_Pin_Output	1
../Core/Src/main.c:118:6:Set_Pin_Input	1
../Core/Src/main.c:123:6:DHT_Start	1
../Core/Src/main.c:134:9:DHT_ACK	4
../Core/Src/main.c:149:9:DHT_Read	5
../Core/Src/main.c:166:13:MX_TIM2_Init	1
../Core/Src/main.c:179:13:MX_TIM5_Init	1
../Core/Src/main.c:192:13:MX_TIM6_Init	1
../Core/Src/main.c:211:5:main	12
../Core/Src/main.c:325:6:SystemClock_Config	3
../Core/Src/main.c:370:13:MX_GPIO_Init	1
../Core/Src/main.c:416:6:Error_Handler	1
