../Drivers/CMSIS/Include/core_cm4.h:1684:22:__NVIC_EnableIRQ	16	static,ignoring_inline_asm
../Drivers/CMSIS/Include/core_cm4.h:1814:22:__NVIC_SetPriority	16	static
../Core/Src/main.c:82:6:systick_init	4	static
../Core/Src/main.c:88:6:delayMicroseconds	16	static
../Core/Src/main.c:94:6:TIM5_IRQHandler	4	static
../Core/Src/main.c:100:6:TIM2_IRQHandler	4	static
../Core/Src/main.c:112:6:Set_Pin_Output	4	static
../Core/Src/main.c:118:6:Set_Pin_Input	4	static
../Core/Src/main.c:123:6:DHT_Start	8	static
../Core/Src/main.c:134:9:DHT_ACK	16	static
../Core/Src/main.c:149:9:DHT_Read	16	static
../Core/Src/main.c:166:13:MX_TIM2_Init	8	static
../Core/Src/main.c:179:13:MX_TIM5_Init	8	static
../Core/Src/main.c:192:13:MX_TIM6_Init	4	static
../Core/Src/main.c:211:5:main	8	static,ignoring_inline_asm
../Core/Src/main.c:325:6:SystemClock_Config	88	static
../Core/Src/main.c:370:13:MX_GPIO_Init	48	static
../Core/Src/main.c:416:6:Error_Handler	4	static,ignoring_inline_asm
